Unit A cross-menu Context Link verification (§22 detail route + Back restore); synthetic fixtures only, no production server/auth validation.
Run at: 2026-09-25T11:35:45+00:00
Base revision: 61fc70af4230f75ee9e5118b32e1edc7b91291e5 + uncommitted Context Link changes in this directory
No dev-server HTTP smoke or browser screenshot was run this round; DOM behavior is covered by the Vitest/jsdom suite below.

$ node --version
v26.7.0

exit=0

$ npm --version
11.19.0

exit=0

$ npm ci --cache .npm-cache --no-audit --no-fund
npm warn deprecated whatwg-encoding@3.1.1: Use @exodus/bytes instead for a more spec-conformant and faster implementation

added 174 packages in 1s
npm warn install-scripts 2 packages have install scripts not yet covered by allowScripts:
npm warn install-scripts   esbuild@0.28.2 (postinstall: node install.js)
npm warn install-scripts   fsevents@2.3.3 (install: (install scripts present))
npm warn install-scripts
npm warn install-scripts Run `npm install-scripts ls` to review, or `npm install-scripts approve <pkg>` to allow.

exit=0

$ python3 -B scripts/generate-parity.py
Generated 95 vectors from unchanged Python codec

exit=0

$ npm run typecheck

> kernel-app-shell-fixture@0.0.0 typecheck
> tsc --noEmit


exit=0

$ npm test

> kernel-app-shell-fixture@0.0.0 test
> vitest run


 RUN  v3.2.7 /Users/hyojung/orca/workspaces/analytics-platform/cross-menu-context-link/prototypes/kernel-app-shell

 ✓ src/theme.test.ts (1 test) 19ms
 ✓ src/codec.test.ts (96 tests) 24ms
 ✓ src/tokens.test.ts (1 test) 2ms
 ✓ src/App.test.tsx (23 tests) 701ms

 Test Files  4 passed (4)
      Tests  121 passed (121)
   Start at  20:35:47
   Duration  1.22s (transform 100ms, setup 24ms, collect 439ms, tests 746ms, environment 683ms, prepare 158ms)


exit=0

$ npm run build

> kernel-app-shell-fixture@0.0.0 build
> tsc --noEmit && vite build

vite v7.3.6 building client environment for production...
transforming...
node_modules/lucide-react/dist/esm/context.mjs (2:0): Module level directives cause errors when bundled, "use client" in "node_modules/lucide-react/dist/esm/context.mjs" was ignored.
node_modules/lucide-react/dist/esm/Icon.mjs (2:0): Module level directives cause errors when bundled, "use client" in "node_modules/lucide-react/dist/esm/Icon.mjs" was ignored.
node_modules/@radix-ui/react-label/dist/index.mjs (1:0): Module level directives cause errors when bundled, "use client" in "node_modules/@radix-ui/react-label/dist/index.mjs" was ignored.
node_modules/@radix-ui/react-dialog/dist/index.mjs (1:0): Module level directives cause errors when bundled, "use client" in "node_modules/@radix-ui/react-dialog/dist/index.mjs" was ignored.
node_modules/@radix-ui/react-select/dist/index.mjs (1:0): Module level directives cause errors when bundled, "use client" in "node_modules/@radix-ui/react-select/dist/index.mjs" was ignored.
node_modules/@radix-ui/react-portal/dist/index.mjs (1:0): Module level directives cause errors when bundled, "use client" in "node_modules/@radix-ui/react-portal/dist/index.mjs" was ignored.
node_modules/@radix-ui/react-dismissable-layer/dist/index.mjs (1:0): Module level directives cause errors when bundled, "use client" in "node_modules/@radix-ui/react-dismissable-layer/dist/index.mjs" was ignored.
node_modules/@radix-ui/react-presence/dist/index.mjs (1:0): Module level directives cause errors when bundled, "use client" in "node_modules/@radix-ui/react-presence/dist/index.mjs" was ignored.
node_modules/@radix-ui/react-focus-scope/dist/index.mjs (1:0): Module level directives cause errors when bundled, "use client" in "node_modules/@radix-ui/react-focus-scope/dist/index.mjs" was ignored.
node_modules/@radix-ui/react-direction/dist/index.mjs (1:0): Module level directives cause errors when bundled, "use client" in "node_modules/@radix-ui/react-direction/dist/index.mjs" was ignored.
node_modules/@radix-ui/react-focus-guards/dist/index.mjs (1:0): Module level directives cause errors when bundled, "use client" in "node_modules/@radix-ui/react-focus-guards/dist/index.mjs" was ignored.
node_modules/@radix-ui/react-popper/dist/index.mjs (1:0): Module level directives cause errors when bundled, "use client" in "node_modules/@radix-ui/react-popper/dist/index.mjs" was ignored.
node_modules/@radix-ui/react-collection/dist/index.mjs (1:0): Module level directives cause errors when bundled, "use client" in "node_modules/@radix-ui/react-collection/dist/index.mjs" was ignored.
✓ 1980 modules transformed.
rendering chunks...
computing gzip size...
dist/index.html                   0.40 kB │ gzip:   0.32 kB
dist/assets/index-DxNMM5oe.css   20.66 kB │ gzip:   4.95 kB
dist/assets/index-YLreqqTO.js   373.05 kB │ gzip: 120.14 kB
✓ built in 738ms

exit=0

